
  .   ____          _            __ _ _
 /\\ / ___'_ __ _ _(_)_ __  __ _ \ \ \ \
( ( )\___ | '_ | '_| | '_ \/ _` | \ \ \ \
 \\/  ___)| |_)| | | | | || (_| |  ) ) ) )
  '  |____| .__|_| |_|_| |_\__, | / / / /
 =========|_|==============|___/=/_/_/_/

 :: Spring Boot ::                (v4.1.1)

2026-09-15T09:23:35.182+07:00  INFO 24956 --- [springboot-4] [           main] vn.itstar.Springboot3Application         : Starting Springboot3Application v0.0.1-SNAPSHOT using Java 26.0.2.1 with PID 24956 (C:\Users\LEGIO\Documents\workspace-spring-tools-for-eclipse-5.3.0.RELEASE\springboot-4\target\springboot-3-0.0.1-SNAPSHOT.jar started by LEGIO in C:\Users\LEGIO\Documents\workspace-spring-tools-for-eclipse-5.3.0.RELEASE\springboot-4)
2026-09-15T09:23:35.186+07:00  INFO 24956 --- [springboot-4] [           main] vn.itstar.Springboot3Application         : No active profile set, falling back to 1 default profile: "default"
2026-09-15T09:23:35.910+07:00  INFO 24956 --- [springboot-4] [           main] .s.d.r.c.RepositoryConfigurationDelegate : Bootstrapping Spring Data JPA repositories in DEFAULT mode.
2026-09-15T09:23:35.955+07:00  INFO 24956 --- [springboot-4] [           main] .s.d.r.c.RepositoryConfigurationDelegate : Finished Spring Data repository scanning in 35 ms. Found 2 JPA repository interfaces.
2026-09-15T09:23:36.457+07:00  INFO 24956 --- [springboot-4] [           main] o.s.boot.tomcat.TomcatWebServer          : Tomcat initialized with port 8090 (http)
2026-09-15T09:23:36.474+07:00  INFO 24956 --- [springboot-4] [           main] o.apache.catalina.core.StandardService   : Starting service [Tomcat]
2026-09-15T09:23:36.475+07:00  INFO 24956 --- [springboot-4] [           main] o.apache.catalina.core.StandardEngine    : Starting Servlet engine: [Apache Tomcat/11.0.24]
2026-09-15T09:23:36.529+07:00  INFO 24956 --- [springboot-4] [           main] b.w.c.s.WebApplicationContextInitializer : Root WebApplicationContext: initialization completed in 1139 ms
2026-09-15T09:23:36.776+07:00  INFO 24956 --- [springboot-4] [           main] org.hibernate.orm.jpa                    : HHH008540: Processing PersistenceUnitInfo [name: default]
2026-09-15T09:23:36.822+07:00  INFO 24956 --- [springboot-4] [           main] org.hibernate.orm.core                   : HHH000001: Hibernate ORM core version 7.4.5.Final
2026-09-15T09:23:37.124+07:00  INFO 24956 --- [springboot-4] [           main] o.s.o.j.p.SpringPersistenceUnitInfo      : No LoadTimeWeaver setup: ignoring JPA class transformer
2026-09-15T09:23:37.153+07:00  INFO 24956 --- [springboot-4] [           main] com.zaxxer.hikari.HikariDataSource       : HikariPool-1 - Starting...
2026-09-15T09:23:37.520+07:00  INFO 24956 --- [springboot-4] [           main] com.zaxxer.hikari.pool.HikariPool        : HikariPool-1 - Added connection ConnectionID:1 ClientConnectionId: 7214f8f0-aac5-4126-b99e-b1018a1b4064
2026-09-15T09:23:37.523+07:00  INFO 24956 --- [springboot-4] [           main] com.zaxxer.hikari.HikariDataSource       : HikariPool-1 - Start completed.
2026-09-15T09:23:37.616+07:00  INFO 24956 --- [springboot-4] [           main] org.hibernate.orm.connections.pooling    : HHH10001005: Database info:
	Database JDBC URL [jdbc:sqlserver://localhost:1433;concatNullYieldsNull=ON;quotedIdentifier=ON;connectRetryInterval=10;connectRetryCount=1;maxResultBuffer=-1;sendTemporalDataTypesAsStringForBulkCopy=true;delayLoadingLobs=true;useFmtOnly=false;vectorTypeSupport=v1;cacheBulkCopyMetadata=false;bulkCopyForBatchInsertAllowEncryptedValueModifications=false;bulkCopyForBatchInsertTableLock=false;bulkCopyForBatchInsertKeepNulls=false;bulkCopyForBatchInsertKeepIdentity=false;bulkCopyForBatchInsertFireTriggers=false;bulkCopyForBatchInsertCheckConstraints=false;bulkCopyForBatchInsertBatchSize=0;useBulkCopyForBatchInsert=false;cancelQueryTimeout=-1;sslProtocol=TLS;calcBigDecimalPrecision=false;useDefaultJaasConfig=false;jaasConfigurationName=SQLJDBCDriver;statementPoolingCacheSize=0;serverPreparedStatementDiscardThreshold=10;enablePrepareOnFirstPreparedStatementCall=false;fips=false;socketTimeout=0;authentication=NotSpecified;authenticationScheme=nativeAuthentication;xopenStates=false;datetimeParameterType=datetime2;sendTimeAsDatetime=true;replication=false;trustStoreType=JKS;trustServerCertificate=true;TransparentNetworkIPResolution=true;iPAddressPreference=IPv4First;serverNameAsACE=false;sendStringParametersAsUnicode=true;selectMethod=direct;responseBuffering=adaptive;queryTimeout=-1;packetSize=8000;multiSubnetFailover=false;loginTimeout=30;lockTimeout=-1;lastUpdateCount=true;useDefaultGSSCredential=false;prepareMethod=prepexec;encrypt=true;disableStatementPooling=true;databaseName=mapper_vd12;columnEncryptionSetting=Disabled;applicationName=Microsoft JDBC Driver for SQL Server;applicationIntent=readwrite;]
	Database driver: Microsoft JDBC Driver 13.4 for SQL Server
	Database dialect: SQLServerDialect
	Database version: 17.0
	Default catalog/schema: mapper_vd12/dbo
	Autocommit mode: undefined/unknown
	Isolation level: READ_COMMITTED [default READ_COMMITTED]
	JDBC fetch size: 128
	Pool: DataSourceConnectionProvider
	Minimum pool size: undefined/unknown
	Maximum pool size: undefined/unknown
2026-09-15T09:23:38.600+07:00  INFO 24956 --- [springboot-4] [           main] org.hibernate.orm.core                   : HHH000489: No JTA platform available (set 'hibernate.transaction.jta.platform' to enable JTA platform integration)
Hibernate: 
    alter table products 
       alter column name NVARCHAR(1000)
2026-09-15T09:23:39.249+07:00  INFO 24956 --- [springboot-4] [           main] j.LocalContainerEntityManagerFactoryBean : Initialized JPA EntityManagerFactory for persistence unit 'default'
2026-09-15T09:23:39.338+07:00  INFO 24956 --- [springboot-4] [           main] o.s.d.j.r.query.QueryEnhancerFactories   : Hibernate is in classpath; If applicable, HQL parser will be used.
2026-09-15T09:23:39.619+07:00  WARN 24956 --- [springboot-4] [           main] JpaBaseConfiguration$JpaWebConfiguration : spring.jpa.open-in-view is enabled by default. Therefore, database queries may be performed during view rendering. Explicitly configure spring.jpa.open-in-view to disable this warning
2026-09-15T09:23:39.645+07:00  INFO 24956 --- [springboot-4] [           main] o.s.b.w.a.WelcomePageHandlerMapping      : Adding welcome page template: index
2026-09-15T09:23:40.149+07:00  INFO 24956 --- [springboot-4] [           main] o.s.boot.tomcat.TomcatWebServer          : Tomcat started on port 8090 (http) with context path '/'
2026-09-15T09:23:40.165+07:00  INFO 24956 --- [springboot-4] [           main] vn.itstar.Springboot3Application         : Started Springboot3Application in 5.321 seconds (process running for 5.743)
2026-09-15T09:23:41.415+07:00  INFO 24956 --- [springboot-4] [nio-8090-exec-1] o.a.c.c.C.[Tomcat].[localhost].[/]       : Initializing Spring DispatcherServlet 'dispatcherServlet'
2026-09-15T09:23:41.417+07:00  INFO 24956 --- [springboot-4] [nio-8090-exec-1] o.s.web.servlet.DispatcherServlet        : Initializing Servlet 'dispatcherServlet'
2026-09-15T09:23:41.418+07:00  INFO 24956 --- [springboot-4] [nio-8090-exec-1] o.s.web.servlet.DispatcherServlet        : Completed initialization in 1 ms
Hibernate: 
    select
        p1_0.id,
        p1_0.created_at,
        p1_0.description,
        p1_0.name,
        p1_0.price,
        p1_0.quantity 
    from
        products p1_0 
    order by
        p1_0.id desc 
    offset
        ? rows 
    fetch
        first ? rows only
Hibernate: 
    select
        count_big(p1_0.id) 
    from
        products p1_0
Hibernate: 
    select
        i1_0.product_id,
        i1_0.id,
        i1_0.created_at,
        i1_0.display_order,
        i1_0.image_url,
        i1_0.is_primary 
    from
        product_images i1_0 
    where
        i1_0.product_id=? 
    order by
        i1_0.display_order,
        i1_0.id
Hibernate: 
    select
        i1_0.product_id,
        i1_0.id,
        i1_0.created_at,
        i1_0.display_order,
        i1_0.image_url,
        i1_0.is_primary 
    from
        product_images i1_0 
    where
        i1_0.product_id=? 
    order by
        i1_0.display_order,
        i1_0.id
Hibernate: 
    select
        i1_0.product_id,
        i1_0.id,
        i1_0.created_at,
        i1_0.display_order,
        i1_0.image_url,
        i1_0.is_primary 
    from
        product_images i1_0 
    where
        i1_0.product_id=? 
    order by
        i1_0.display_order,
        i1_0.id
Hibernate: 
    select
        i1_0.product_id,
        i1_0.id,
        i1_0.created_at,
        i1_0.display_order,
        i1_0.image_url,
        i1_0.is_primary 
    from
        product_images i1_0 
    where
        i1_0.product_id=? 
    order by
        i1_0.display_order,
        i1_0.id
Hibernate: 
    select
        i1_0.product_id,
        i1_0.id,
        i1_0.created_at,
        i1_0.display_order,
        i1_0.image_url,
        i1_0.is_primary 
    from
        product_images i1_0 
    where
        i1_0.product_id=? 
    order by
        i1_0.display_order,
        i1_0.id
Hibernate: 
    select
        p1_0.id,
        p1_0.created_at,
        p1_0.description,
        p1_0.name,
        p1_0.price,
        p1_0.quantity 
    from
        products p1_0 
    order by
        p1_0.id desc 
    offset
        ? rows 
    fetch
        first ? rows only
Hibernate: 
    select
        count_big(p1_0.id) 
    from
        products p1_0
Hibernate: 
    select
        i1_0.product_id,
        i1_0.id,
        i1_0.created_at,
        i1_0.display_order,
        i1_0.image_url,
        i1_0.is_primary 
    from
        product_images i1_0 
    where
        i1_0.product_id=? 
    order by
        i1_0.display_order,
        i1_0.id
Hibernate: 
    select
        i1_0.product_id,
        i1_0.id,
        i1_0.created_at,
        i1_0.display_order,
        i1_0.image_url,
        i1_0.is_primary 
    from
        product_images i1_0 
    where
        i1_0.product_id=? 
    order by
        i1_0.display_order,
        i1_0.id
Hibernate: 
    select
        i1_0.product_id,
        i1_0.id,
        i1_0.created_at,
        i1_0.display_order,
        i1_0.image_url,
        i1_0.is_primary 
    from
        product_images i1_0 
    where
        i1_0.product_id=? 
    order by
        i1_0.display_order,
        i1_0.id
Hibernate: 
    select
        i1_0.product_id,
        i1_0.id,
        i1_0.created_at,
        i1_0.display_order,
        i1_0.image_url,
        i1_0.is_primary 
    from
        product_images i1_0 
    where
        i1_0.product_id=? 
    order by
        i1_0.display_order,
        i1_0.id
Hibernate: 
    select
        i1_0.product_id,
        i1_0.id,
        i1_0.created_at,
        i1_0.display_order,
        i1_0.image_url,
        i1_0.is_primary 
    from
        product_images i1_0 
    where
        i1_0.product_id=? 
    order by
        i1_0.display_order,
        i1_0.id
Hibernate: 
    select
        p1_0.id,
        p1_0.created_at,
        p1_0.description,
        p1_0.name,
        p1_0.price,
        p1_0.quantity 
    from
        products p1_0 
    order by
        p1_0.id desc 
    offset
        ? rows 
    fetch
        first ? rows only
Hibernate: 
    select
        count_big(p1_0.id) 
    from
        products p1_0
Hibernate: 
    select
        i1_0.product_id,
        i1_0.id,
        i1_0.created_at,
        i1_0.display_order,
        i1_0.image_url,
        i1_0.is_primary 
    from
        product_images i1_0 
    where
        i1_0.product_id=? 
    order by
        i1_0.display_order,
        i1_0.id
Hibernate: 
    select
        i1_0.product_id,
        i1_0.id,
        i1_0.created_at,
        i1_0.display_order,
        i1_0.image_url,
        i1_0.is_primary 
    from
        product_images i1_0 
    where
        i1_0.product_id=? 
    order by
        i1_0.display_order,
        i1_0.id
Hibernate: 
    select
        i1_0.product_id,
        i1_0.id,
        i1_0.created_at,
        i1_0.display_order,
        i1_0.image_url,
        i1_0.is_primary 
    from
        product_images i1_0 
    where
        i1_0.product_id=? 
    order by
        i1_0.display_order,
        i1_0.id
Hibernate: 
    select
        i1_0.product_id,
        i1_0.id,
        i1_0.created_at,
        i1_0.display_order,
        i1_0.image_url,
        i1_0.is_primary 
    from
        product_images i1_0 
    where
        i1_0.product_id=? 
    order by
        i1_0.display_order,
        i1_0.id
Hibernate: 
    select
        i1_0.product_id,
        i1_0.id,
        i1_0.created_at,
        i1_0.display_order,
        i1_0.image_url,
        i1_0.is_primary 
    from
        product_images i1_0 
    where
        i1_0.product_id=? 
    order by
        i1_0.display_order,
        i1_0.id
Hibernate: 
    select
        p1_0.id,
        p1_0.created_at,
        p1_0.description,
        p1_0.name,
        p1_0.price,
        p1_0.quantity 
    from
        products p1_0 
    where
        p1_0.id=?
Hibernate: 
    select
        i1_0.product_id,
        i1_0.id,
        i1_0.created_at,
        i1_0.display_order,
        i1_0.image_url,
        i1_0.is_primary 
    from
        product_images i1_0 
    where
        i1_0.product_id=? 
    order by
        i1_0.display_order,
        i1_0.id
Hibernate: 
    select
        p1_0.id,
        p1_0.created_at,
        p1_0.description,
        p1_0.name,
        p1_0.price,
        p1_0.quantity 
    from
        products p1_0 
    order by
        p1_0.id desc 
    offset
        ? rows 
    fetch
        first ? rows only
Hibernate: 
    select
        count_big(p1_0.id) 
    from
        products p1_0
Hibernate: 
    select
        i1_0.product_id,
        i1_0.id,
        i1_0.created_at,
        i1_0.display_order,
        i1_0.image_url,
        i1_0.is_primary 
    from
        product_images i1_0 
    where
        i1_0.product_id=? 
    order by
        i1_0.display_order,
        i1_0.id
Hibernate: 
    select
        i1_0.product_id,
        i1_0.id,
        i1_0.created_at,
        i1_0.display_order,
        i1_0.image_url,
        i1_0.is_primary 
    from
        product_images i1_0 
    where
        i1_0.product_id=? 
    order by
        i1_0.display_order,
        i1_0.id
Hibernate: 
    select
        i1_0.product_id,
        i1_0.id,
        i1_0.created_at,
        i1_0.display_order,
        i1_0.image_url,
        i1_0.is_primary 
    from
        product_images i1_0 
    where
        i1_0.product_id=? 
    order by
        i1_0.display_order,
        i1_0.id
Hibernate: 
    select
        i1_0.product_id,
        i1_0.id,
        i1_0.created_at,
        i1_0.display_order,
        i1_0.image_url,
        i1_0.is_primary 
    from
        product_images i1_0 
    where
        i1_0.product_id=? 
    order by
        i1_0.display_order,
        i1_0.id
Hibernate: 
    select
        i1_0.product_id,
        i1_0.id,
        i1_0.created_at,
        i1_0.display_order,
        i1_0.image_url,
        i1_0.is_primary 
    from
        product_images i1_0 
    where
        i1_0.product_id=? 
    order by
        i1_0.display_order,
        i1_0.id
Hibernate: 
    select
        p1_0.id,
        p1_0.created_at,
        p1_0.description,
        p1_0.name,
        p1_0.price,
        p1_0.quantity 
    from
        products p1_0 
    order by
        p1_0.id desc 
    offset
        ? rows 
    fetch
        first ? rows only
Hibernate: 
    select
        count_big(p1_0.id) 
    from
        products p1_0
Hibernate: 
    select
        i1_0.product_id,
        i1_0.id,
        i1_0.created_at,
        i1_0.display_order,
        i1_0.image_url,
        i1_0.is_primary 
    from
        product_images i1_0 
    where
        i1_0.product_id=? 
    order by
        i1_0.display_order,
        i1_0.id
Hibernate: 
    select
        i1_0.product_id,
        i1_0.id,
        i1_0.created_at,
        i1_0.display_order,
        i1_0.image_url,
        i1_0.is_primary 
    from
        product_images i1_0 
    where
        i1_0.product_id=? 
    order by
        i1_0.display_order,
        i1_0.id
Hibernate: 
    select
        i1_0.product_id,
        i1_0.id,
        i1_0.created_at,
        i1_0.display_order,
        i1_0.image_url,
        i1_0.is_primary 
    from
        product_images i1_0 
    where
        i1_0.product_id=? 
    order by
        i1_0.display_order,
        i1_0.id
Hibernate: 
    select
        i1_0.product_id,
        i1_0.id,
        i1_0.created_at,
        i1_0.display_order,
        i1_0.image_url,
        i1_0.is_primary 
    from
        product_images i1_0 
    where
        i1_0.product_id=? 
    order by
        i1_0.display_order,
        i1_0.id
Hibernate: 
    select
        i1_0.product_id,
        i1_0.id,
        i1_0.created_at,
        i1_0.display_order,
        i1_0.image_url,
        i1_0.is_primary 
    from
        product_images i1_0 
    where
        i1_0.product_id=? 
    order by
        i1_0.display_order,
        i1_0.id
Hibernate: 
    select
        p1_0.id,
        p1_0.created_at,
        p1_0.description,
        p1_0.name,
        p1_0.price,
        p1_0.quantity 
    from
        products p1_0 
    order by
        p1_0.id desc 
    offset
        ? rows 
    fetch
        first ? rows only
Hibernate: 
    select
        count_big(p1_0.id) 
    from
        products p1_0
Hibernate: 
    select
        i1_0.product_id,
        i1_0.id,
        i1_0.created_at,
        i1_0.display_order,
        i1_0.image_url,
        i1_0.is_primary 
    from
        product_images i1_0 
    where
        i1_0.product_id=? 
    order by
        i1_0.display_order,
        i1_0.id
Hibernate: 
    select
        i1_0.product_id,
        i1_0.id,
        i1_0.created_at,
        i1_0.display_order,
        i1_0.image_url,
        i1_0.is_primary 
    from
        product_images i1_0 
    where
        i1_0.product_id=? 
    order by
        i1_0.display_order,
        i1_0.id
Hibernate: 
    select
        i1_0.product_id,
        i1_0.id,
        i1_0.created_at,
        i1_0.display_order,
        i1_0.image_url,
        i1_0.is_primary 
    from
        product_images i1_0 
    where
        i1_0.product_id=? 
    order by
        i1_0.display_order,
        i1_0.id
Hibernate: 
    select
        i1_0.product_id,
        i1_0.id,
        i1_0.created_at,
        i1_0.display_order,
        i1_0.image_url,
        i1_0.is_primary 
    from
        product_images i1_0 
    where
        i1_0.product_id=? 
    order by
        i1_0.display_order,
        i1_0.id
Hibernate: 
    select
        i1_0.product_id,
        i1_0.id,
        i1_0.created_at,
        i1_0.display_order,
        i1_0.image_url,
        i1_0.is_primary 
    from
        product_images i1_0 
    where
        i1_0.product_id=? 
    order by
        i1_0.display_order,
        i1_0.id
