[INFO] Scanning for projects...
[INFO] 
[INFO] -----------------------< vn.itstar:springboot-3 >-----------------------
[INFO] Building springboot-3 0.0.1-SNAPSHOT
[INFO]   from pom.xml
[INFO] --------------------------------[ jar ]---------------------------------
[INFO] 
[INFO] --- clean:3.5.0:clean (default-clean) @ springboot-3 ---
[INFO] Deleting C:\Users\LEGIO\Documents\workspace-spring-tools-for-eclipse-5.3.0.RELEASE\springboot-4\target
[INFO] 
[INFO] --- resources:3.5.0:resources (default-resources) @ springboot-3 ---
[INFO] Copying 1 resource from src\main\resources to target\classes
[INFO] Copying 6 resources from src\main\resources to target\classes
[INFO] 
[INFO] --- compiler:3.15.0:compile (default-compile) @ springboot-3 ---
[INFO] Recompiling the module because of changed source code.
[INFO] Compiling 16 source files with javac [debug parameters release 26] to target\classes
WARNING: A terminally deprecated method in sun.misc.Unsafe has been called
WARNING: sun.misc.Unsafe::objectFieldOffset has been called by lombok.permit.Permit
WARNING: Please consider reporting this to the maintainers of class lombok.permit.Permit
WARNING: sun.misc.Unsafe::objectFieldOffset will be removed in a future release
[INFO] 
[INFO] --- resources:3.5.0:testResources (default-testResources) @ springboot-3 ---
[INFO] skip non existing resourceDirectory C:\Users\LEGIO\Documents\workspace-spring-tools-for-eclipse-5.3.0.RELEASE\springboot-4\src\test\resources
[INFO] 
[INFO] --- compiler:3.15.0:testCompile (default-testCompile) @ springboot-3 ---
[INFO] Recompiling the module because of changed dependency.
[INFO] Compiling 1 source file with javac [debug parameters release 26] to target\test-classes
[INFO] 
[INFO] --- surefire:3.5.6:test (default-test) @ springboot-3 ---
[INFO] Tests are skipped.
[INFO] 
[INFO] --- jar:3.5.1:jar (default-jar) @ springboot-3 ---
[INFO] Building jar: C:\Users\LEGIO\Documents\workspace-spring-tools-for-eclipse-5.3.0.RELEASE\springboot-4\target\springboot-3-0.0.1-SNAPSHOT.jar
[INFO] 
[INFO] --- spring-boot:4.1.1:repackage (repackage) @ springboot-3 ---
[INFO] Replacing main artifact C:\Users\LEGIO\Documents\workspace-spring-tools-for-eclipse-5.3.0.RELEASE\springboot-4\target\springboot-3-0.0.1-SNAPSHOT.jar with repackaged archive, adding nested dependencies in BOOT-INF/.
[INFO] The original artifact has been renamed to C:\Users\LEGIO\Documents\workspace-spring-tools-for-eclipse-5.3.0.RELEASE\springboot-4\target\springboot-3-0.0.1-SNAPSHOT.jar.original
[INFO] ------------------------------------------------------------------------
[INFO] BUILD SUCCESS
[INFO] ------------------------------------------------------------------------
[INFO] Total time:  5.916 s
[INFO] Finished at: 2026-09-15T09:23:21+07:00
[INFO] ------------------------------------------------------------------------
